// Jest Snapshot v1, https://goo.gl/fbAQLP

exports[`Quiz tests matches snapshot 1`] = `
[
  <Text
    style={
      [
        {
          "fontSize": 18,
          "fontWeight": "bold",
          "marginBottom": 8,
          "marginLeft": 8,
          "marginRight": 8,
          "marginTop": 8,
          "textAlign": "center",
        },
      ]
    }
  >
    Please write this in 
    Hiroshima
    :
  </Text>,
  <Text
    style={
      [
        {
          "fontSize": 18,
          "fontWeight": "bold",
          "marginBottom": 8,
          "marginLeft": 8,
          "marginRight": 8,
          "marginTop": 8,
          "textAlign": "center",
        },
      ]
    }
  >
    Q1
    : 
    あの子は私の知り合いなんだよ。
  </Text>,
  <View
    style={
      [
        {
          "backgroundColor": "rgb(231, 231, 231)",
          "borderTopLeftRadius": 4,
          "borderTopRightRadius": 4,
        },
        {
          "margin": 20,
        },
      ]
    }
  >
    <View
      collapsable={false}
      style={
        {
          "backgroundColor": "rgba(0, 0, 0, 0.26)",
          "bottom": 0,
          "height": 2,
          "left": 0,
          "position": "absolute",
          "right": 0,
          "transform": [
            {
              "scaleY": 0.5,
            },
          ],
          "zIndex": 1,
        }
      }
    />
    <View
      style={
        [
          {
            "paddingBottom": 0,
            "paddingTop": 0,
          },
          {
            "minHeight": 64,
          },
        ]
      }
    >
      <View
        collapsable={false}
        pointerEvents="none"
        style={
          {
            "bottom": 0,
            "left": 0,
            "opacity": 1,
            "position": "absolute",
            "right": 0,
            "top": 0,
            "transform": [
              {
                "translateX": 0,
              },
            ],
            "zIndex": 3,
          }
        }
      >
        <Text
          collapsable={false}
          maxFontSizeMultiplier={1.5}
          numberOfLines={1}
          onLayout={[Function]}
          style={
            {
              "color": "#6200ee",
              "fontFamily": "System",
              "fontSize": 16,
              "fontWeight": undefined,
              "left": 0,
              "opacity": 0,
              "paddingLeft": 12,
              "paddingRight": 12,
              "position": "absolute",
              "textAlign": "left",
              "top": 34,
              "transform": [
                {
                  "translateX": 0,
                },
                {
                  "translateY": 0,
                },
                {
                  "scale": 1,
                },
              ],
              "writingDirection": "ltr",
            }
          }
        >
          Answer here
        </Text>
        <Text
          collapsable={false}
          maxFontSizeMultiplier={1.5}
          numberOfLines={1}
          style={
            {
              "color": "rgba(0, 0, 0, 0.54)",
              "fontFamily": "System",
              "fontSize": 16,
              "fontWeight": undefined,
              "left": 0,
              "opacity": 0,
              "paddingLeft": 12,
              "paddingRight": 12,
              "position": "absolute",
              "textAlign": "left",
              "top": 34,
              "transform": [
                {
                  "translateX": 0,
                },
                {
                  "translateY": 0,
                },
                {
                  "scale": 1,
                },
              ],
              "writingDirection": "ltr",
            }
          }
        >
          Answer here
        </Text>
      </View>
      <TextInput
        editable={true}
        maxFontSizeMultiplier={1.5}
        multiline={false}
        onBlur={[Function]}
        onChangeText={[Function]}
        onFocus={[Function]}
        placeholder=" "
        placeholderTextColor="rgba(0, 0, 0, 0.54)"
        selectionColor="#6200ee"
        style={
          [
            {
              "flexGrow": 1,
              "margin": 0,
            },
            {
              "paddingLeft": 12,
              "paddingRight": 12,
            },
            {
              "height": 64,
            },
            {
              "paddingBottom": 4,
              "paddingTop": 24,
            },
            {
              "color": "#000000",
              "fontFamily": "System",
              "fontSize": 16,
              "fontVariant": undefined,
              "fontWeight": undefined,
              "textAlign": "left",
              "textAlignVertical": "center",
            },
            false,
            [
              {},
            ],
          ]
        }
        testID="text-input-flat"
        underlineColorAndroid="transparent"
        value=""
      />
    </View>
  </View>,
  <View
    style={
      [
        {
          "alignItems": "center",
          "marginBottom": 10,
          "marginLeft": 10,
          "marginRight": 10,
          "marginTop": 10,
        },
      ]
    }
  >
    <View
      collapsable={false}
      style={
        {
          "backgroundColor": "#40BA62",
          "borderColor": "transparent",
          "borderRadius": 4,
          "borderStyle": "solid",
          "borderWidth": 0,
          "elevation": 2,
          "height": 45,
          "justifyContent": "center",
          "minWidth": 64,
          "shadowColor": "#000000",
          "shadowOffset": {
            "height": 0.75,
            "width": 0,
          },
          "shadowOpacity": 0.24,
          "shadowRadius": 1.5,
          "width": "50%",
        }
      }
    >
      <View
        accessibilityRole="button"
        accessibilityState={
          {
            "disabled": false,
          }
        }
        accessibilityValue={
          {
            "max": undefined,
            "min": undefined,
            "now": undefined,
            "text": undefined,
          }
        }
        accessible={true}
        focusable={true}
        onClick={[Function]}
        onResponderGrant={[Function]}
        onResponderMove={[Function]}
        onResponderRelease={[Function]}
        onResponderTerminate={[Function]}
        onResponderTerminationRequest={[Function]}
        onStartShouldSetResponder={[Function]}
        style={
          [
            {
              "overflow": "hidden",
            },
            {
              "borderRadius": 4,
            },
          ]
        }
      >
        <View
          style={
            [
              {
                "alignItems": "center",
                "flexDirection": "row",
                "justifyContent": "center",
              },
              undefined,
            ]
          }
        >
          <Text
            numberOfLines={1}
            selectable={false}
            style={
              [
                {
                  "color": "#000000",
                  "fontFamily": "System",
                  "fontWeight": "400",
                },
                {
                  "textAlign": "left",
                },
                [
                  {
                    "letterSpacing": 1,
                    "marginHorizontal": 16,
                    "marginVertical": 9,
                    "textAlign": "center",
                  },
                  undefined,
                  {
                    "textTransform": "uppercase",
                  },
                  {
                    "color": "#000000",
                    "fontFamily": "System",
                    "fontWeight": "500",
                  },
                  {
                    "fontFamily": "System",
                    "fontWeight": "500",
                  },
                  {
                    "color": "#fff",
                    "fontSize": 18,
                  },
                ],
              ]
            }
          >
            答え合わせ
          </Text>
        </View>
      </View>
    </View>
  </View>,
]
`;

exports[`Quiz tests renders Quiz component 1`] = `
[
  <Text
    style={
      [
        {
          "fontSize": 18,
          "fontWeight": "bold",
          "marginBottom": 8,
          "marginLeft": 8,
          "marginRight": 8,
          "marginTop": 8,
          "textAlign": "center",
        },
      ]
    }
  >
    Please write this in 
    Hiroshima
    :
  </Text>,
  <Text
    style={
      [
        {
          "fontSize": 18,
          "fontWeight": "bold",
          "marginBottom": 8,
          "marginLeft": 8,
          "marginRight": 8,
          "marginTop": 8,
          "textAlign": "center",
        },
      ]
    }
  >
    Q1
    : 
    あの子は私の知り合いなんだよ。
  </Text>,
  <View
    style={
      [
        {
          "backgroundColor": "rgb(231, 231, 231)",
          "borderTopLeftRadius": 4,
          "borderTopRightRadius": 4,
        },
        {
          "margin": 20,
        },
      ]
    }
  >
    <View
      collapsable={false}
      style={
        {
          "backgroundColor": "rgba(0, 0, 0, 0.26)",
          "bottom": 0,
          "height": 2,
          "left": 0,
          "position": "absolute",
          "right": 0,
          "transform": [
            {
              "scaleY": 0.5,
            },
          ],
          "zIndex": 1,
        }
      }
    />
    <View
      style={
        [
          {
            "paddingBottom": 0,
            "paddingTop": 0,
          },
          {
            "minHeight": 64,
          },
        ]
      }
    >
      <View
        collapsable={false}
        pointerEvents="none"
        style={
          {
            "bottom": 0,
            "left": 0,
            "opacity": 1,
            "position": "absolute",
            "right": 0,
            "top": 0,
            "transform": [
              {
                "translateX": 0,
              },
            ],
            "zIndex": 3,
          }
        }
      >
        <Text
          collapsable={false}
          maxFontSizeMultiplier={1.5}
          numberOfLines={1}
          onLayout={[Function]}
          style={
            {
              "color": "#6200ee",
              "fontFamily": "System",
              "fontSize": 16,
              "fontWeight": undefined,
              "left": 0,
              "opacity": 0,
              "paddingLeft": 12,
              "paddingRight": 12,
              "position": "absolute",
              "textAlign": "left",
              "top": 34,
              "transform": [
                {
                  "translateX": 0,
                },
                {
                  "translateY": 0,
                },
                {
                  "scale": 1,
                },
              ],
              "writingDirection": "ltr",
            }
          }
        >
          Answer here
        </Text>
        <Text
          collapsable={false}
          maxFontSizeMultiplier={1.5}
          numberOfLines={1}
          style={
            {
              "color": "rgba(0, 0, 0, 0.54)",
              "fontFamily": "System",
              "fontSize": 16,
              "fontWeight": undefined,
              "left": 0,
              "opacity": 0,
              "paddingLeft": 12,
              "paddingRight": 12,
              "position": "absolute",
              "textAlign": "left",
              "top": 34,
              "transform": [
                {
                  "translateX": 0,
                },
                {
                  "translateY": 0,
                },
                {
                  "scale": 1,
                },
              ],
              "writingDirection": "ltr",
            }
          }
        >
          Answer here
        </Text>
      </View>
      <TextInput
        editable={true}
        maxFontSizeMultiplier={1.5}
        multiline={false}
        onBlur={[Function]}
        onChangeText={[Function]}
        onFocus={[Function]}
        placeholder=" "
        placeholderTextColor="rgba(0, 0, 0, 0.54)"
        selectionColor="#6200ee"
        style={
          [
            {
              "flexGrow": 1,
              "margin": 0,
            },
            {
              "paddingLeft": 12,
              "paddingRight": 12,
            },
            {
              "height": 64,
            },
            {
              "paddingBottom": 4,
              "paddingTop": 24,
            },
            {
              "color": "#000000",
              "fontFamily": "System",
              "fontSize": 16,
              "fontVariant": undefined,
              "fontWeight": undefined,
              "textAlign": "left",
              "textAlignVertical": "center",
            },
            false,
            [
              {},
            ],
          ]
        }
        testID="text-input-flat"
        underlineColorAndroid="transparent"
        value=""
      />
    </View>
  </View>,
  <View
    style={
      [
        {
          "alignItems": "center",
          "marginBottom": 10,
          "marginLeft": 10,
          "marginRight": 10,
          "marginTop": 10,
        },
      ]
    }
  >
    <View
      collapsable={false}
      style={
        {
          "backgroundColor": "#40BA62",
          "borderColor": "transparent",
          "borderRadius": 4,
          "borderStyle": "solid",
          "borderWidth": 0,
          "elevation": 2,
          "height": 45,
          "justifyContent": "center",
          "minWidth": 64,
          "shadowColor": "#000000",
          "shadowOffset": {
            "height": 0.75,
            "width": 0,
          },
          "shadowOpacity": 0.24,
          "shadowRadius": 1.5,
          "width": "50%",
        }
      }
    >
      <View
        accessibilityRole="button"
        accessibilityState={
          {
            "disabled": false,
          }
        }
        accessibilityValue={
          {
            "max": undefined,
            "min": undefined,
            "now": undefined,
            "text": undefined,
          }
        }
        accessible={true}
        focusable={true}
        onClick={[Function]}
        onResponderGrant={[Function]}
        onResponderMove={[Function]}
        onResponderRelease={[Function]}
        onResponderTerminate={[Function]}
        onResponderTerminationRequest={[Function]}
        onStartShouldSetResponder={[Function]}
        style={
          [
            {
              "overflow": "hidden",
            },
            {
              "borderRadius": 4,
            },
          ]
        }
      >
        <View
          style={
            [
              {
                "alignItems": "center",
                "flexDirection": "row",
                "justifyContent": "center",
              },
              undefined,
            ]
          }
        >
          <Text
            numberOfLines={1}
            selectable={false}
            style={
              [
                {
                  "color": "#000000",
                  "fontFamily": "System",
                  "fontWeight": "400",
                },
                {
                  "textAlign": "left",
                },
                [
                  {
                    "letterSpacing": 1,
                    "marginHorizontal": 16,
                    "marginVertical": 9,
                    "textAlign": "center",
                  },
                  undefined,
                  {
                    "textTransform": "uppercase",
                  },
                  {
                    "color": "#000000",
                    "fontFamily": "System",
                    "fontWeight": "500",
                  },
                  {
                    "fontFamily": "System",
                    "fontWeight": "500",
                  },
                  {
                    "color": "#fff",
                    "fontSize": 18,
                  },
                ],
              ]
            }
          >
            答え合わせ
          </Text>
        </View>
      </View>
    </View>
  </View>,
]
`;

exports[`Quiz tests should contains the heading 1 1`] = `
[
  <Text
    style={
      [
        {
          "fontSize": 18,
          "fontWeight": "bold",
          "marginBottom": 8,
          "marginLeft": 8,
          "marginRight": 8,
          "marginTop": 8,
          "textAlign": "center",
        },
      ]
    }
  >
    Please write this in 
    Hiroshima
    :
  </Text>,
  <Text
    style={
      [
        {
          "fontSize": 18,
          "fontWeight": "bold",
          "marginBottom": 8,
          "marginLeft": 8,
          "marginRight": 8,
          "marginTop": 8,
          "textAlign": "center",
        },
      ]
    }
  >
    Q1
    : 
    あの子は私の知り合いなんだよ。
  </Text>,
  <View
    style={
      [
        {
          "backgroundColor": "rgb(231, 231, 231)",
          "borderTopLeftRadius": 4,
          "borderTopRightRadius": 4,
        },
        {
          "margin": 20,
        },
      ]
    }
  >
    <View
      collapsable={false}
      style={
        {
          "backgroundColor": "rgba(0, 0, 0, 0.26)",
          "bottom": 0,
          "height": 2,
          "left": 0,
          "position": "absolute",
          "right": 0,
          "transform": [
            {
              "scaleY": 0.5,
            },
          ],
          "zIndex": 1,
        }
      }
    />
    <View
      style={
        [
          {
            "paddingBottom": 0,
            "paddingTop": 0,
          },
          {
            "minHeight": 64,
          },
        ]
      }
    >
      <View
        collapsable={false}
        pointerEvents="none"
        style={
          {
            "bottom": 0,
            "left": 0,
            "opacity": 1,
            "position": "absolute",
            "right": 0,
            "top": 0,
            "transform": [
              {
                "translateX": 0,
              },
            ],
            "zIndex": 3,
          }
        }
      >
        <Text
          collapsable={false}
          maxFontSizeMultiplier={1.5}
          numberOfLines={1}
          onLayout={[Function]}
          style={
            {
              "color": "#6200ee",
              "fontFamily": "System",
              "fontSize": 16,
              "fontWeight": undefined,
              "left": 0,
              "opacity": 0,
              "paddingLeft": 12,
              "paddingRight": 12,
              "position": "absolute",
              "textAlign": "left",
              "top": 34,
              "transform": [
                {
                  "translateX": 0,
                },
                {
                  "translateY": 0,
                },
                {
                  "scale": 1,
                },
              ],
              "writingDirection": "ltr",
            }
          }
        >
          Answer here
        </Text>
        <Text
          collapsable={false}
          maxFontSizeMultiplier={1.5}
          numberOfLines={1}
          style={
            {
              "color": "rgba(0, 0, 0, 0.54)",
              "fontFamily": "System",
              "fontSize": 16,
              "fontWeight": undefined,
              "left": 0,
              "opacity": 0,
              "paddingLeft": 12,
              "paddingRight": 12,
              "position": "absolute",
              "textAlign": "left",
              "top": 34,
              "transform": [
                {
                  "translateX": 0,
                },
                {
                  "translateY": 0,
                },
                {
                  "scale": 1,
                },
              ],
              "writingDirection": "ltr",
            }
          }
        >
          Answer here
        </Text>
      </View>
      <TextInput
        editable={true}
        maxFontSizeMultiplier={1.5}
        multiline={false}
        onBlur={[Function]}
        onChangeText={[Function]}
        onFocus={[Function]}
        placeholder=" "
        placeholderTextColor="rgba(0, 0, 0, 0.54)"
        selectionColor="#6200ee"
        style={
          [
            {
              "flexGrow": 1,
              "margin": 0,
            },
            {
              "paddingLeft": 12,
              "paddingRight": 12,
            },
            {
              "height": 64,
            },
            {
              "paddingBottom": 4,
              "paddingTop": 24,
            },
            {
              "color": "#000000",
              "fontFamily": "System",
              "fontSize": 16,
              "fontVariant": undefined,
              "fontWeight": undefined,
              "textAlign": "left",
              "textAlignVertical": "center",
            },
            false,
            [
              {},
            ],
          ]
        }
        testID="text-input-flat"
        underlineColorAndroid="transparent"
        value=""
      />
    </View>
  </View>,
  <View
    style={
      [
        {
          "alignItems": "center",
          "marginBottom": 10,
          "marginLeft": 10,
          "marginRight": 10,
          "marginTop": 10,
        },
      ]
    }
  >
    <View
      collapsable={false}
      style={
        {
          "backgroundColor": "#40BA62",
          "borderColor": "transparent",
          "borderRadius": 4,
          "borderStyle": "solid",
          "borderWidth": 0,
          "elevation": 2,
          "height": 45,
          "justifyContent": "center",
          "minWidth": 64,
          "shadowColor": "#000000",
          "shadowOffset": {
            "height": 0.75,
            "width": 0,
          },
          "shadowOpacity": 0.24,
          "shadowRadius": 1.5,
          "width": "50%",
        }
      }
    >
      <View
        accessibilityRole="button"
        accessibilityState={
          {
            "disabled": false,
          }
        }
        accessibilityValue={
          {
            "max": undefined,
            "min": undefined,
            "now": undefined,
            "text": undefined,
          }
        }
        accessible={true}
        focusable={true}
        onClick={[Function]}
        onResponderGrant={[Function]}
        onResponderMove={[Function]}
        onResponderRelease={[Function]}
        onResponderTerminate={[Function]}
        onResponderTerminationRequest={[Function]}
        onStartShouldSetResponder={[Function]}
        style={
          [
            {
              "overflow": "hidden",
            },
            {
              "borderRadius": 4,
            },
          ]
        }
      >
        <View
          style={
            [
              {
                "alignItems": "center",
                "flexDirection": "row",
                "justifyContent": "center",
              },
              undefined,
            ]
          }
        >
          <Text
            numberOfLines={1}
            selectable={false}
            style={
              [
                {
                  "color": "#000000",
                  "fontFamily": "System",
                  "fontWeight": "400",
                },
                {
                  "textAlign": "left",
                },
                [
                  {
                    "letterSpacing": 1,
                    "marginHorizontal": 16,
                    "marginVertical": 9,
                    "textAlign": "center",
                  },
                  undefined,
                  {
                    "textTransform": "uppercase",
                  },
                  {
                    "color": "#000000",
                    "fontFamily": "System",
                    "fontWeight": "500",
                  },
                  {
                    "fontFamily": "System",
                    "fontWeight": "500",
                  },
                  {
                    "color": "#fff",
                    "fontSize": 18,
                  },
                ],
              ]
            }
          >
            答え合わせ
          </Text>
        </View>
      </View>
    </View>
  </View>,
]
`;
